<?xml version="1.0" encoding="utf-8"?><testsuites name="pytest tests"><testsuite name="pytest" errors="0" failures="0" skipped="22" tests="689" time="47.811" timestamp="2026-03-29T21:43:33.348780-05:00" hostname="Z400"><testcase classname="" name="tests.integration.test_core_dpo_integration" time="0.000"><skipped message="collection skipped">('/home/oem/CascadeProjects/ExoArmur/tests/integration/test_core_dpo_integration.py', 9, 'Skipped: exoarmur_dpo not installed; integration tests are intentionally skipped. Install ExoArmur-DPO (importable as exoarmur_dpo) to enable these tests.')</skipped></testcase><testcase classname="" name="tests.test_execution_boundary_v2_http_executor_integration" time="0.000"><skipped message="collection skipped">('/home/oem/CascadeProjects/ExoArmur/tests/test_execution_boundary_v2_http_executor_integration.py', 24, 'Skipped: HTTP Executor Plugin not available')</skipped></testcase><testcase classname="tests.integration.test_audit_consumer" name="test_audit_consumer_persists_records" time="9.019" /><testcase classname="tests.integration.test_belief_publish_live" name="test_belief_publish_hits_jetstream" time="8.883" /><testcase classname="tests.integration.test_deterministic_ids" name="test_ids_derive_from_inputs_and_are_stable" time="0.004" /><testcase classname="tests.integration.test_execution_audit" name="test_execution_emits_audit_record" time="0.003" /><testcase classname="tests.integration.test_execution_intent_determinism" name="test_execution_intent_ids_and_policy_context_are_deterministic" time="0.002" /><testcase classname="tests.integration.test_policy_context" name="test_belief_policy_context_is_real_and_not_placeholder" time="0.002" /><testcase classname="tests.test_api_models.TestTelemetryIngestResponseV1" name="test_minimal_valid_response" time="0.001" /><testcase classname="tests.test_api_models.TestTelemetryIngestResponseV1" name="test_full_response_with_belief_id" time="0.001" /><testcase classname="tests.test_api_models.TestTelemetryIngestResponseV1" name="test_reject_extra_fields" time="0.001" /><testcase classname="tests.test_api_models.TestTelemetryIngestResponseV1" name="test_required_fields" time="0.001" /><testcase classname="tests.test_api_models.TestAuditResponseV1" name="test_minimal_valid_response" time="0.001" /><testcase classname="tests.test_api_models.TestAuditResponseV1" name="test_response_with_audit_records" time="0.001" /><testcase classname="tests.test_api_models.TestAuditResponseV1" name="test_reject_extra_fields" time="0.001" /><testcase classname="tests.test_api_models.TestErrorResponseV1" name="test_minimal_error_response" time="0.001" /><testcase classname="tests.test_api_models.TestErrorResponseV1" name="test_error_response_with_correlation" time="0.001" /><testcase classname="tests.test_api_models.TestErrorResponseV1" name="test_reject_extra_fields" time="0.001" /><testcase classname="tests.test_approval_wiring.TestApprovalWiring" name="test_ingest_returns_pending_when_require_human" time="0.013" /><testcase classname="tests.test_approval_wiring.TestApprovalWiring" name="test_ingest_returns_pending_when_require_quorum" time="0.008" /><testcase classname="tests.test_approval_wiring.TestApprovalWiring" name="test_approve_endpoint_changes_status_to_approved" time="0.005" /><testcase classname="tests.test_approval_wiring.TestApprovalWiring" name="test_deny_endpoint_changes_status_to_denied" time="0.004" /><testcase classname="tests.test_approval_wiring.TestApprovalWiring" name="test_deny_endpoint_requires_reason" time="0.005" /><testcase classname="tests.test_approval_wiring.TestApprovalWiring" name="test_get_approval_status_endpoint" time="0.004" /><testcase classname="tests.test_approval_wiring.TestApprovalWiring" name="test_execution_kernel_blocks_without_approval" time="0.002" /><testcase classname="tests.test_approval_wiring.TestApprovalWiring" name="test_execution_kernel_allows_a0_without_approval" time="0.002" /><testcase classname="tests.test_arbitration" name="test_conflict_detection_creates_arbitration_object" time="0.002" /><testcase classname="tests.test_arbitration" name="test_arbitration_requires_human_approval" time="0.002" /><testcase classname="tests.test_arbitration" name="test_resolution_does_not_apply_without_approval" time="0.002" /><testcase classname="tests.test_arbitration" name="test_resolution_applies_after_approval_and_updates_beliefs" time="0.002" /><testcase classname="tests.test_arbitration" name="test_arbitration_decision_is_audited_and_replayable" time="0.003" /><testcase classname="tests.test_arbitration" name="test_replay_reproduces_post_resolution_belief_state" time="0.002" /><testcase classname="tests.test_arbitration" name="test_arbitration_feature_flag_disabled" time="0.002" /><testcase classname="tests.test_arbitration" name="test_conflict_detection_feature_flag_disabled" time="0.002" /><testcase classname="tests.test_belief_aggregation" name="test_belief_aggregation_is_deterministic" time="0.002" /><testcase classname="tests.test_belief_aggregation" name="test_belief_aggregation_with_different_types" time="0.002" /><testcase classname="tests.test_belief_aggregation" name="test_belief_aggregation_with_correlation_id" time="0.002" /><testcase classname="tests.test_belief_aggregation" name="test_belief_aggregation_system_health" time="0.002" /><testcase classname="tests.test_belief_aggregation" name="test_belief_aggregation_network_activity" time="0.001" /><testcase classname="tests.test_belief_aggregation" name="test_belief_aggregation_with_feature_disabled" time="0.002" /><testcase classname="tests.test_belief_aggregation" name="test_belief_aggregation_time_window_grouping" time="0.002" /><testcase classname="tests.test_boundary_enforcement" name="test_federation_execution_boundary" time="0.002" /><testcase classname="tests.test_boundary_enforcement" name="test_execution_federation_boundary" time="0.001" /><testcase classname="tests.test_boundary_enforcement" name="test_module_layer_isolation" time="0.001" /><testcase classname="tests.test_boundary_enforcement" name="test_no_circular_imports" time="0.001" /><testcase classname="tests.test_boundary_enforcement" name="test_feature_flag_boundary" time="0.002" /><testcase classname="tests.test_capability_boundary" name="test_core_imports_without_modules" time="0.001" /><testcase classname="tests.test_capability_boundary" name="test_docs_exist[CAPABILITY_BOUNDARY.md]" time="0.001" /><testcase classname="tests.test_capability_boundary" name="test_docs_exist[contracts/v2/plugin_capability_interface.md]" time="0.001" /><testcase classname="tests.test_capability_boundary" name="test_plugin_interface_examples_parse" time="0.001" /><testcase classname="tests.test_capability_boundary" name="test_capability_activation_denied_phase_one" time="0.001" /><testcase classname="tests.test_cli_env" name="test_demo_uses_sys_executable_and_prepends_src" time="0.005" /><testcase classname="tests.test_constitutional_invariants" name="test_federation_cannot_trigger_execution_paths" time="0.001" /><testcase classname="tests.test_constitutional_invariants" name="test_unconfirmed_federates_cannot_ingest_observations" time="0.001" /><testcase classname="tests.test_constitutional_invariants" name="test_conflicts_cannot_resolve_without_approval" time="0.003" /><testcase classname="tests.test_constitutional_invariants" name="test_replay_determinism_smoke_test" time="0.002" /><testcase classname="tests.test_constitutional_invariants" name="test_federation_modules_boundary_isolation" time="0.001" /><testcase classname="tests.test_constitutional_invariants" name="test_feature_flags_default_off" time="0.001" /><testcase classname="tests.test_constitutional_invariants" name="test_audit_events_emitted_for_critical_operations" time="0.002" /><testcase classname="tests.test_coordination_models_v2.TestCoordinationModels" name="test_coordination_scope_creation" time="0.001" /><testcase classname="tests.test_coordination_models_v2.TestCoordinationModels" name="test_coordination_scope_too_many_cells" time="0.001" /><testcase classname="tests.test_coordination_models_v2.TestCoordinationModels" name="test_coordination_announcement_creation" time="0.001" /><testcase classname="tests.test_coordination_models_v2.TestCoordinationModels" name="test_coordination_announcement_expiration_validation" time="0.001" /><testcase classname="tests.test_coordination_models_v2.TestCoordinationModels" name="test_coordination_claim_creation" time="0.001" /><testcase classname="tests.test_coordination_models_v2.TestCoordinationModels" name="test_coordination_release_creation" time="0.001" /><testcase classname="tests.test_coordination_models_v2.TestCoordinationModels" name="test_coordination_observation_creation" time="0.001" /><testcase classname="tests.test_coordination_models_v2.TestCoordinationModels" name="test_coordination_observation_confidence_validation" time="0.001" /><testcase classname="tests.test_coordination_models_v2.TestCoordinationModels" name="test_coordination_intent_broadcast_creation" time="0.001" /><testcase classname="tests.test_coordination_models_v2.TestCoordinationModels" name="test_coordination_intent_priority_validation" time="0.001" /><testcase classname="tests.test_coordination_models_v2.TestCoordinationModels" name="test_coordination_session_creation" time="0.001" /><testcase classname="tests.test_coordination_models_v2.TestCoordinationModels" name="test_coordination_session_expiration" time="0.001" /><testcase classname="tests.test_coordination_models_v2.TestCoordinationModels" name="test_coordination_event_idempotency_key" time="0.001" /><testcase classname="tests.test_coordination_models_v2.TestCoordinationModelSerialization" name="test_coordination_announcement_serialization" time="0.001" /><testcase classname="tests.test_coordination_models_v2.TestCoordinationModelSerialization" name="test_coordination_session_serialization" time="0.001" /><testcase classname="tests.test_coordination_models_v2.TestCoordinationFeatureFlagIsolation" name="test_models_work_without_feature_flags" time="0.001" /><testcase classname="tests.test_coordination_state_machine.TestCoordinationStateMachine" name="test_state_machine_initialization" time="0.001" /><testcase classname="tests.test_coordination_state_machine.TestCoordinationStateMachine" name="test_create_announcement_success" time="0.001" /><testcase classname="tests.test_coordination_state_machine.TestCoordinationStateMachine" name="test_create_announcement_invalid_expiration" time="0.001" /><testcase classname="tests.test_coordination_state_machine.TestCoordinationStateMachine" name="test_claim_coordination_success" time="0.001" /><testcase classname="tests.test_coordination_state_machine.TestCoordinationStateMachine" name="test_claim_coordination_already_claimed" time="0.001" /><testcase classname="tests.test_coordination_state_machine.TestCoordinationStateMachine" name="test_release_coordination_success" time="0.001" /><testcase classname="tests.test_coordination_state_machine.TestCoordinationStateMachine" name="test_release_coordination_unauthorized" time="0.001" /><testcase classname="tests.test_coordination_state_machine.TestCoordinationStateMachine" name="test_add_observation_success" time="0.001" /><testcase classname="tests.test_coordination_state_machine.TestCoordinationStateMachine" name="test_broadcast_intent_success" time="0.001" /><testcase classname="tests.test_coordination_state_machine.TestCoordinationStateMachine" name="test_get_coordination_status" time="0.001" /><testcase classname="tests.test_coordination_state_machine.TestCoordinationStateMachine" name="test_get_coordination_status_not_found" time="0.001" /><testcase classname="tests.test_coordination_state_machine.TestCoordinationStateMachine" name="test_get_active_coordinations" time="0.001" /><testcase classname="tests.test_coordination_state_machine.TestCoordinationStateMachine" name="test_event_handler_integration" time="0.001" /><testcase classname="tests.test_coordination_state_machine.TestCoordinationStateMachineCleanup" name="test_expired_session_cleanup" time="3.005" /><testcase classname="tests.test_coordination_state_machine.TestCoordinationStateMachineCleanup" name="test_shutdown" time="0.001" /><testcase classname="tests.test_coordination_state_machine.TestCoordinationStateMachineFeatureFlagIsolation" name="test_state_machine_without_feature_flags" time="0.001" /><testcase classname="tests.test_execution_boundary_v2_approvals.TestApprovalModels" name="test_approval_decision_enum" time="0.001" /><testcase classname="tests.test_execution_boundary_v2_approvals.TestApprovalModels" name="test_approval_record_creation" time="0.001" /><testcase classname="tests.test_execution_boundary_v2_approvals.TestApprovalModels" name="test_approval_record_optional_reason" time="0.001" /><testcase classname="tests.test_execution_boundary_v2_approvals.TestInMemoryApprovalStore" name="test_record_and_get_success" time="0.001" /><testcase classname="tests.test_execution_boundary_v2_approvals.TestInMemoryApprovalStore" name="test_get_nonexistent_record" time="0.001" /><testcase classname="tests.test_execution_boundary_v2_approvals.TestInMemoryApprovalStore" name="test_double_decision_rejection" time="0.001" /><testcase classname="tests.test_execution_boundary_v2_approvals.TestInMemoryApprovalStore" name="test_clear_all_records" time="0.001" /><testcase classname="tests.test_execution_boundary_v2_approvals.TestInMemoryApprovalStore" name="test_list_all_records" time="0.002" /><testcase classname="tests.test_execution_boundary_v2_approvals.TestApprovalIntegration" name="test_pending_when_no_record" time="0.001" /><testcase classname="tests.test_execution_boundary_v2_approvals.TestApprovalIntegration" name="test_approved_status_mapping" time="0.001" /><testcase classname="tests.test_execution_boundary_v2_approvals.TestApprovalIntegration" name="test_denied_status_mapping" time="0.001" /><testcase classname="tests.test_execution_boundary_v2_approvals.TestApprovalIntegration" name="test_not_required_when_no_approval_rules" time="0.001" /><testcase classname="tests.test_execution_boundary_v2_approvals.TestApprovalIntegration" name="test_not_required_when_no_approval_store" time="0.001" /><testcase classname="tests.test_execution_boundary_v2_approvals.TestApprovalIntegration" name="test_pipeline_approval_pending_flow" time="0.002" /><testcase classname="tests.test_execution_boundary_v2_approvals.TestApprovalIntegration" name="test_pipeline_approval_denied_flow" time="0.002" /><testcase classname="tests.test_execution_boundary_v2_approvals.TestApprovalIntegration" name="test_pipeline_approval_approved_flow" time="0.002" /><testcase classname="tests.test_execution_boundary_v2_execution_trace.TestExecutionTrace" name="test_trace_models_creation" time="0.001" /><testcase classname="tests.test_execution_boundary_v2_execution_trace.TestExecutionTrace" name="test_deny_trace_deterministic" time="0.001" /><testcase classname="tests.test_execution_boundary_v2_execution_trace.TestExecutionTrace" name="test_approval_pending_trace" time="0.001" /><testcase classname="tests.test_execution_boundary_v2_execution_trace.TestExecutionTrace" name="test_approved_path_trace" time="0.001" /><testcase classname="tests.test_execution_boundary_v2_execution_trace.TestExecutionTrace" name="test_safety_blocked_trace" time="0.001" /><testcase classname="tests.test_execution_boundary_v2_execution_trace.TestExecutionTrace" name="test_trace_no_nondeterministic_fields" time="0.002" /><testcase classname="tests.test_execution_boundary_v2_execution_trace.TestExecutionTrace" name="test_audit_emitter_called_exactly_once_per_terminal_path" time="0.002" /><testcase classname="tests.test_execution_boundary_v2_execution_trace.TestExecutionTrace" name="test_execute_backward_compatibility" time="0.001" /><testcase classname="tests.test_execution_boundary_v2_filesystem_executor_integration.TestFilesystemExecutorIntegration" name="test_filesystem_executor_integration" time="0.000"><skipped type="pytest.skip" message="Filesystem executor package not available">/home/oem/CascadeProjects/ExoArmur/tests/test_execution_boundary_v2_filesystem_executor_integration.py:81: Filesystem executor package not available</skipped></testcase><testcase classname="tests.test_execution_boundary_v2_filesystem_executor_integration.TestFilesystemExecutorIntegration" name="test_filesystem_executor_write_through_pipeline" time="0.000"><skipped type="pytest.skip" message="Filesystem executor package not available">/home/oem/CascadeProjects/ExoArmur/tests/test_execution_boundary_v2_filesystem_executor_integration.py:142: Filesystem executor package not available</skipped></testcase><testcase classname="tests.test_execution_boundary_v2_filesystem_executor_integration.TestFilesystemExecutorIntegration" name="test_filesystem_executor_blocked_operation" time="0.000"><skipped type="pytest.skip" message="Filesystem executor package not available">/home/oem/CascadeProjects/ExoArmur/tests/test_execution_boundary_v2_filesystem_executor_integration.py:202: Filesystem executor package not available</skipped></testcase><testcase classname="tests.test_execution_boundary_v2_policy_engine.TestSimplePolicyDecisionPoint" name="test_no_rules_deny" time="0.001" /><testcase classname="tests.test_execution_boundary_v2_policy_engine.TestSimplePolicyDecisionPoint" name="test_matching_rule_allow" time="0.001" /><testcase classname="tests.test_execution_boundary_v2_policy_engine.TestSimplePolicyDecisionPoint" name="test_matching_rule_require_approval" time="0.001" /><testcase classname="tests.test_execution_boundary_v2_policy_engine.TestSimplePolicyDecisionPoint" name="test_disallowed_domain_deny" time="0.001" /><testcase classname="tests.test_execution_boundary_v2_policy_engine.TestSimplePolicyDecisionPoint" name="test_disallowed_method_deny" time="0.001" /><testcase classname="tests.test_execution_boundary_v2_policy_engine.TestSimplePolicyDecisionPoint" name="test_multiple_rules_precedence" time="0.001" /><testcase classname="tests.test_execution_boundary_v2_policy_engine.TestSimplePolicyDecisionPoint" name="test_tenant_isolation" time="0.001" /><testcase classname="tests.test_execution_boundary_v2_policy_engine.TestSimplePolicyDecisionPoint" name="test_tenant_isolation_mismatch" time="0.001" /><testcase classname="tests.test_execution_boundary_v2_policy_engine.TestSimplePolicyDecisionPoint" name="test_invalid_intent_format" time="0.001" /><testcase classname="tests.test_execution_boundary_v2_policy_engine.TestSimplePolicyDecisionPoint" name="test_approval_status_method" time="0.001" /><testcase classname="tests.test_execution_boundary_v2_policy_engine.TestSimplePolicyDecisionPoint" name="test_no_domain_constraints" time="0.001" /><testcase classname="tests.test_execution_boundary_v2_policy_engine.TestSimplePolicyDecisionPoint" name="test_no_method_constraints" time="0.001" /><testcase classname="tests.test_execution_boundary_v2_policy_pipeline_integration.TestPolicyPipelineIntegration" name="test_policy_allow_pipeline_flow" time="0.002" /><testcase classname="tests.test_execution_boundary_v2_policy_pipeline_integration.TestPolicyPipelineIntegration" name="test_policy_deny_pipeline_flow" time="0.001" /><testcase classname="tests.test_execution_boundary_v2_policy_pipeline_integration.TestPolicyPipelineIntegration" name="test_policy_require_approval_pipeline_flow" time="0.001" /><testcase classname="tests.test_execution_boundary_v2_policy_pipeline_integration.TestPolicyPipelineIntegration" name="test_policy_method_rejection" time="0.001" /><testcase classname="tests.test_execution_boundary_v2_policy_pipeline_integration.TestPolicyPipelineIntegration" name="test_policy_domain_rejection" time="0.001" /><testcase classname="tests.test_execution_boundary_v2_policy_pipeline_integration.TestPolicyPipelineIntegration" name="test_multiple_rules_precedence_in_pipeline" time="0.001" /><testcase classname="tests.test_execution_boundary_v2_policy_pipeline_integration.TestPolicyPipelineIntegration" name="test_no_rules_deny_in_pipeline" time="0.001" /><testcase classname="tests.test_execution_boundary_v2_proxy_pipeline" name="test_proxy_pipeline_policy_deny" time="0.001" /><testcase classname="tests.test_execution_boundary_v2_proxy_pipeline" name="test_proxy_pipeline_policy_require_approval" time="0.001" /><testcase classname="tests.test_execution_boundary_v2_proxy_pipeline" name="test_proxy_pipeline_policy_defer" time="0.001" /><testcase classname="tests.test_execution_boundary_v2_proxy_pipeline" name="test_proxy_pipeline_allow_safety_gate_blocks" time="0.002" /><testcase classname="tests.test_execution_boundary_v2_proxy_pipeline" name="test_proxy_pipeline_allow_safety_gate_passes_executor_success" time="0.001" /><testcase classname="tests.test_execution_boundary_v2_proxy_pipeline" name="test_proxy_pipeline_allow_safety_gate_passes_executor_failure" time="0.001" /><testcase classname="tests.test_execution_boundary_v2_proxy_pipeline" name="test_audit_emitter_functionality" time="0.001" /><testcase classname="tests.test_execution_boundary_v2_proxy_pipeline" name="test_proxy_pipeline_multiple_intents" time="0.001" /><testcase classname="tests.test_execution_boundary_v2_scaffolding" name="test_v2_imports" time="0.001" /><testcase classname="tests.test_execution_boundary_v2_scaffolding" name="test_feature_flag_default" time="0.001" /><testcase classname="tests.test_execution_boundary_v2_scaffolding" name="test_action_intent_model" time="0.001" /><testcase classname="tests.test_execution_boundary_v2_scaffolding" name="test_policy_decision_model" time="0.001" /><testcase classname="tests.test_execution_boundary_v2_scaffolding" name="test_execution_dispatch_model" time="0.001" /><testcase classname="tests.test_execution_boundary_v2_scaffolding" name="test_policy_verdict_enum" time="0.001" /><testcase classname="tests.test_execution_boundary_v2_scaffolding" name="test_dispatch_status_enum" time="0.001" /><testcase classname="tests.test_execution_boundary_v2_scaffolding" name="test_approval_status_enum" time="0.001" /><testcase classname="tests.test_execution_boundary_v2_scaffolding" name="test_execution_result_model" time="0.001" /><testcase classname="tests.test_execution_boundary_v2_scaffolding" name="test_interface_smoke_checks" time="0.001" /><testcase classname="tests.test_execution_proof_bundle.TestExecutionProofBundle" name="test_deterministic_bundle_generation" time="0.002" /><testcase classname="tests.test_execution_proof_bundle.TestExecutionProofBundle" name="test_bundle_with_execution_trace" time="0.002" /><testcase classname="tests.test_execution_proof_bundle.TestExecutionProofBundle" name="test_bundle_with_explicit_timestamp" time="0.002" /><testcase classname="tests.test_facts_derivation.TestFactsDerivation" name="test_facts_derivation_shape" time="0.001" /><testcase classname="tests.test_facts_derivation.TestFactsDerivation" name="test_facts_derivation_content" time="0.003" /><testcase classname="tests.test_facts_derivation.TestFactsDerivation" name="test_facts_derivation_different_severities" time="0.002" /><testcase classname="tests.test_facts_derivation.TestFactsDerivation" name="test_facts_derivation_different_source_kinds" time="0.002" /><testcase classname="tests.test_federate_identity_store.TestFederateIdentityStore" name="test_store_and_retrieve_identity" time="0.002" /><testcase classname="tests.test_federate_identity_store.TestFederateIdentityStore" name="test_list_identities" time="0.001" /><testcase classname="tests.test_federate_identity_store.TestFederateIdentityStore" name="test_feature_flag_disabled" time="0.001" /><testcase classname="tests.test_federate_identity_store_old.TestFederateIdentityStore" name="test_store_and_retrieve_identity" time="0.001" /><testcase classname="tests.test_federate_identity_store_old.TestFederateIdentityStore" name="test_list_identities" time="0.001" /><testcase classname="tests.test_federate_identity_store_old.TestFederateIdentityStore" name="test_update_identity" time="0.001" /><testcase classname="tests.test_federate_identity_store_old.TestFederateIdentityStore" name="test_delete_identity" time="0.001" /><testcase classname="tests.test_federate_identity_store_old.TestFederateIdentityStore" name="test_get_statistics" time="0.001" /><testcase classname="tests.test_federation_crypto.TestFederateKeyPair" name="test_key_pair_generation" time="0.007" /><testcase classname="tests.test_federation_crypto.TestFederateKeyPair" name="test_key_pair_from_private_key_bytes" time="0.002" /><testcase classname="tests.test_federation_crypto.TestFederateKeyPair" name="test_key_pair_from_public_key_b64" time="0.002" /><testcase classname="tests.test_federation_crypto.TestFederateKeyPair" name="test_key_pair_to_dict" time="0.001" /><testcase classname="tests.test_federation_crypto.TestMessageSigning" name="test_sign_message" time="0.002" /><testcase classname="tests.test_federation_crypto.TestMessageSigning" name="test_verify_valid_signature" time="0.002" /><testcase classname="tests.test_federation_crypto.TestMessageSigning" name="test_verify_invalid_signature" time="0.002" /><testcase classname="tests.test_federation_crypto.TestMessageSigning" name="test_signature_over_mutated_payload_fails" time="0.002" /><testcase classname="tests.test_federation_crypto.TestProtocolEnforcement" name="test_valid_signed_message_is_accepted" time="0.002" /><testcase classname="tests.test_federation_crypto.TestProtocolEnforcement" name="test_invalid_signature_is_rejected" time="0.002" /><testcase classname="tests.test_federation_crypto.TestProtocolEnforcement" name="test_unknown_key_id_is_rejected" time="0.002" /><testcase classname="tests.test_federation_crypto.TestProtocolEnforcement" name="test_nonce_reuse_is_rejected" time="0.002" /><testcase classname="tests.test_federation_crypto.TestProtocolEnforcement" name="test_timestamp_skew_is_rejected" time="0.002" /><testcase classname="tests.test_federation_crypto.TestProtocolEnforcement" name="test_future_timestamp_skew_is_rejected" time="0.002" /><testcase classname="tests.test_federation_crypto.TestAuditEvents" name="test_audit_event_creation" time="0.001" /><testcase classname="tests.test_federation_crypto.TestAuditEvents" name="test_audit_event_to_dict" time="0.001" /><testcase classname="tests.test_federation_crypto.TestAuditEvents" name="test_emit_verification_audit_event" time="0.001" /><testcase classname="tests.test_federation_crypto.TestUtilityFunctions" name="test_generate_nonce" time="0.001" /><testcase classname="tests.test_federation_crypto.TestUtilityFunctions" name="test_serialize_deserialize_public_key" time="0.001" /><testcase classname="tests.test_federation_crypto_tightened.TestFederateKeyPair" name="test_key_pair_generation" time="0.001" /><testcase classname="tests.test_federation_crypto_tightened.TestFederateKeyPair" name="test_key_pair_from_private_key_bytes" time="0.001" /><testcase classname="tests.test_federation_crypto_tightened.TestFederateKeyPair" name="test_key_pair_to_dict" time="0.001" /><testcase classname="tests.test_federation_crypto_tightened.TestMessageSigning" name="test_sign_message" time="0.001" /><testcase classname="tests.test_federation_crypto_tightened.TestMessageSigning" name="test_verify_valid_signature" time="0.002" /><testcase classname="tests.test_federation_crypto_tightened.TestMessageSigning" name="test_verify_invalid_signature" time="0.002" /><testcase classname="tests.test_federation_crypto_tightened.TestMessageSigning" name="test_signature_over_mutated_payload_fails" time="0.002" /><testcase classname="tests.test_federation_crypto_tightened.TestProtocolEnforcement" name="test_valid_message_passes_enforcement" time="0.002" /><testcase classname="tests.test_federation_crypto_tightened.TestProtocolEnforcement" name="test_unknown_federate_is_rejected" time="0.003" /><testcase classname="tests.test_federation_crypto_tightened.TestProtocolEnforcement" name="test_invalid_signature_is_rejected" time="0.004" /><testcase classname="tests.test_federation_crypto_tightened.TestProtocolEnforcement" name="test_nonce_reuse_is_rejected" time="0.003" /><testcase classname="tests.test_federation_crypto_tightened.TestProtocolEnforcement" name="test_timestamp_skew_is_rejected" time="0.002" /><testcase classname="tests.test_federation_crypto_tightened.TestProtocolEnforcement" name="test_future_timestamp_skew_is_rejected" time="0.002" /><testcase classname="tests.test_federation_crypto_tightened.TestFeatureFlagIsolation" name="test_feature_flag_off_blocks_entrypoints_cleanly" time="0.001" /><testcase classname="tests.test_federation_crypto_tightened.TestFeatureFlagIsolation" name="test_no_import_time_flag_evaluation" time="0.001" /><testcase classname="tests.test_federation_crypto_tightened.TestFeatureFlagIsolation" name="test_nonce_store_isolated_between_tests" time="0.002" /><testcase classname="tests.test_federation_crypto_tightened.TestDeterministicTime" name="test_fixed_clock_is_deterministic" time="0.001" /><testcase classname="tests.test_federation_crypto_tightened.TestDeterministicTime" name="test_fixed_clock_advance" time="0.001" /><testcase classname="tests.test_federation_crypto_tightened.TestDeterministicTime" name="test_timestamp_validation_uses_injected_clock" time="0.002" /><testcase classname="tests.test_federation_crypto_tightened.TestAuditEvents" name="test_audit_event_creation" time="0.001" /><testcase classname="tests.test_federation_crypto_tightened.TestAuditEvents" name="test_audit_event_to_dict" time="0.001" /><testcase classname="tests.test_federation_crypto_tightened.TestAuditEvents" name="test_emit_verification_audit_event" time="0.001" /><testcase classname="tests.test_federation_crypto_tightened.TestUtilityFunctions" name="test_generate_nonce" time="0.001" /><testcase classname="tests.test_federation_crypto_tightened.TestUtilityFunctions" name="test_serialize_deserialize_public_key" time="0.001" /><testcase classname="tests.test_federation_identity_integration.TestFederationIdentityIntegration" name="test_federation_manager_respects_phase_gate" time="0.002" /><testcase classname="tests.test_federation_identity_integration.TestFederationIdentityIntegration" name="test_federation_manager_disabled_no_phase_gate" time="0.001" /><testcase classname="tests.test_federation_identity_integration.TestFederationIdentityIntegration" name="test_phase_2_integration_with_phase_gate_mock" time="0.003" /><testcase classname="tests.test_federation_identity_integration.TestFeatureFlagBoundary" name="test_feature_flag_boundary_enforced_at_runtime" time="0.001" /><testcase classname="tests.test_federation_identity_manager.TestFederationIdentityManager" name="test_manager_initialization_disabled" time="0.001" /><testcase classname="tests.test_federation_identity_manager.TestFederationIdentityManager" name="test_manager_initialization_enabled" time="0.001" /><testcase classname="tests.test_federation_identity_manager.TestFederationIdentityManager" name="test_manager_initialization_with_config" time="0.001" /><testcase classname="tests.test_federation_identity_manager.TestFederationIdentityManager" name="test_initiate_handshake_disabled" time="0.001" /><testcase classname="tests.test_federation_identity_manager.TestFederationIdentityManager" name="test_initiate_handshake_enabled" time="0.001" /><testcase classname="tests.test_federation_identity_manager.TestFederationIdentityManager" name="test_process_message_disabled" time="0.001" /><testcase classname="tests.test_federation_identity_manager.TestFederationIdentityManager" name="test_process_message_enabled" time="0.002" /><testcase classname="tests.test_federation_identity_manager.TestFederationIdentityManager" name="test_get_handshake_status_disabled" time="0.001" /><testcase classname="tests.test_federation_identity_manager.TestFederationIdentityManager" name="test_get_handshake_status_enabled_no_session" time="0.001" /><testcase classname="tests.test_federation_identity_manager.TestFederationIdentityManager" name="test_get_handshake_status_active_session" time="0.001" /><testcase classname="tests.test_federation_identity_manager.TestFederationIdentityManager" name="test_get_audit_trail_disabled" time="0.001" /><testcase classname="tests.test_federation_identity_manager.TestFederationIdentityManager" name="test_get_audit_trail_enabled" time="0.001" /><testcase classname="tests.test_federation_identity_manager.TestFederationIdentityManager" name="test_validate_audit_integrity_disabled" time="0.001" /><testcase classname="tests.test_federation_identity_manager.TestFederationIdentityManager" name="test_is_federation_member_disabled" time="0.001" /><testcase classname="tests.test_federation_identity_manager.TestFederationIdentityManager" name="test_is_federation_member_enabled_no_session" time="0.001" /><testcase classname="tests.test_federation_identity_manager.TestFederationIdentityManager" name="test_is_federation_member_active_session" time="0.001" /><testcase classname="tests.test_federation_identity_manager.TestFederationIdentityManager" name="test_get_federation_members_disabled" time="0.001" /><testcase classname="tests.test_federation_identity_manager.TestFederationIdentityManager" name="test_get_federation_members_enabled_no_session" time="0.001" /><testcase classname="tests.test_federation_identity_manager.TestFederationIdentityManager" name="test_get_federation_members_active_session" time="0.001" /><testcase classname="tests.test_federation_identity_manager.TestFederationIdentityManager" name="test_shutdown_disabled" time="0.001" /><testcase classname="tests.test_federation_identity_manager.TestFederationIdentityManager" name="test_shutdown_enabled" time="0.001" /><testcase classname="tests.test_federation_identity_manager.TestFederationIdentityManager" name="test_get_config_summary" time="0.001" /><testcase classname="tests.test_federation_identity_manager.TestFederationIdentityManager" name="test_health_check_disabled" time="0.001" /><testcase classname="tests.test_federation_identity_manager.TestFederationIdentityManager" name="test_health_check_enabled_healthy" time="0.001" /><testcase classname="tests.test_federation_identity_manager.TestFederationIdentityManager" name="test_health_check_enabled_degraded" time="0.001" /><testcase classname="tests.test_federation_identity_manager.TestFederationIdentityManager" name="test_complete_handshake_flow" time="0.002" /><testcase classname="tests.test_federation_identity_manager.TestFeatureFlagIsolation" name="test_no_side_effects_when_disabled" time="0.001" /><testcase classname="tests.test_federation_identity_manager.TestFeatureFlagIsolation" name="test_feature_flag_boundary_crossing" time="0.001" /><testcase classname="tests.test_federation_identity_manager.TestFeatureFlagIsolation" name="test_diagnostic_event_only_when_disabled" time="0.001" /><testcase classname="tests.test_federation_identity_models_v2.TestCellIdentityModel" name="test_cell_identity_valid_creation" time="0.001" /><testcase classname="tests.test_federation_identity_models_v2.TestCellIdentityModel" name="test_cell_id_format_validation" time="0.001" /><testcase classname="tests.test_federation_identity_models_v2.TestCellIdentityModel" name="test_trust_score_bounds" time="0.001" /><testcase classname="tests.test_federation_identity_models_v2.TestIdentityMessageModels" name="test_identity_exchange_message" time="0.001" /><testcase classname="tests.test_federation_identity_models_v2.TestIdentityMessageModels" name="test_capability_negotiate_message" time="0.001" /><testcase classname="tests.test_federation_identity_models_v2.TestIdentityMessageModels" name="test_trust_establish_message" time="0.001" /><testcase classname="tests.test_federation_identity_models_v2.TestIdentityMessageModels" name="test_federation_confirm_message" time="0.001" /><testcase classname="tests.test_federation_identity_models_v2.TestHandshakeSessionModel" name="test_handshake_session_creation" time="0.001" /><testcase classname="tests.test_federation_identity_models_v2.TestHandshakeSessionModel" name="test_handshake_state_enum" time="0.001" /><testcase classname="tests.test_federation_identity_models_v2.TestModelSerialization" name="test_cell_identity_serialization" time="0.001" /><testcase classname="tests.test_federation_identity_models_v2.TestModelSerialization" name="test_message_serialization_with_timestamps" time="0.001" /><testcase classname="tests.test_federation_identity_models_v2.TestFeatureFlagIsolation" name="test_models_work_without_feature_flags" time="0.001" /><testcase classname="tests.test_federation_messages.TestMessageModels" name="test_identity_exchange_message_creation" time="0.001" /><testcase classname="tests.test_federation_messages.TestMessageModels" name="test_capability_negotiate_message_creation" time="0.001" /><testcase classname="tests.test_federation_messages.TestMessageModels" name="test_trust_establish_message_creation" time="0.001" /><testcase classname="tests.test_federation_messages.TestMessageModels" name="test_message_requires_nonce_federate_id_timestamp" time="0.001" /><testcase classname="tests.test_federation_messages.TestMessageModels" name="test_message_type_version_constants" time="0.001" /><testcase classname="tests.test_federation_messages.TestMessageModels" name="test_signed_payload_excludes_signature_fields" time="0.001" /><testcase classname="tests.test_federation_messages.TestMessageModels" name="test_correlation_id_propagates" time="0.001" /><testcase classname="tests.test_federation_messages.TestMessageModels" name="test_message_models_roundtrip_json_is_stable" time="0.001" /><testcase classname="tests.test_federation_messages.TestMessageModels" name="test_canonical_bytes_deterministic" time="0.001" /><testcase classname="tests.test_federation_messages.TestMessageModels" name="test_payload_hash_stability" time="0.001" /><testcase classname="tests.test_federation_messages.TestMessageModels" name="test_timestamp_utc_normalization" time="0.001" /><testcase classname="tests.test_federation_messages.TestMessageModels" name="test_signature_info_validation" time="0.001" /><testcase classname="tests.test_federation_messages.TestMessageModels" name="test_factory_functions" time="0.001" /><testcase classname="tests.test_federation_messages.TestMessageModels" name="test_payload_immutability" time="0.001" /><testcase classname="tests.test_federation_messages.TestMessageModels" name="test_message_field_validation" time="0.001" /><testcase classname="tests.test_federation_v2_acceptance.TestFederationFormationAcceptance" name="test_federation_formation" time="0.002"><skipped type="pytest.xfail" message="V2 federation requires real Phase 2 implementation - future acceptance gate" /></testcase><testcase classname="tests.test_federation_v2_acceptance.TestFederationV2Acceptance" name="test_federation_formation" time="0.002" /><testcase classname="tests.test_federation_v2_acceptance.TestFederationV2Acceptance" name="test_cross_cell_belief_aggregation" time="0.002"><skipped type="pytest.skip" message="CrossCellAggregator not implemented in Phase 2A">/home/oem/CascadeProjects/ExoArmur/tests/test_federation_v2_acceptance.py:261: CrossCellAggregator not implemented in Phase 2A</skipped></testcase><testcase classname="tests.test_federation_v2_acceptance.TestFederationV2Acceptance" name="test_federation_quorum_computation" time="0.002" /><testcase classname="tests.test_federation_v2_acceptance.TestFederationV2Acceptance" name="test_federation_partition_tolerance" time="0.002" /><testcase classname="tests.test_federation_v2_acceptance.TestFederationV2Acceptance" name="test_federation_identity_and_trust" time="0.002" /><testcase classname="tests.test_federation_v2_acceptance.TestFederationV2Acceptance" name="test_federation_audit_trail" time="0.002"><skipped type="pytest.skip" message="CrossCellAggregator not implemented in Phase 2A">/home/oem/CascadeProjects/ExoArmur/tests/test_federation_v2_acceptance.py:344: CrossCellAggregator not implemented in Phase 2A</skipped></testcase><testcase classname="tests.test_federation_v2_acceptance.TestFederationV2Compatibility" name="test_v1_compatibility_preserved" time="0.002" /><testcase classname="tests.test_gate5_kill_switch" name="test_execution_gate_fail_closed" time="0.002" /><testcase classname="tests.test_gate5_kill_switch" name="test_global_kill_switch_enforcement" time="0.002" /><testcase classname="tests.test_gate5_kill_switch" name="test_tenant_kill_switch_enforcement" time="0.002" /><testcase classname="tests.test_gate5_kill_switch" name="test_execution_allowed_when_switches_inactive" time="0.002" /><testcase classname="tests.test_gate5_kill_switch" name="test_denial_audit_emission" time="0.002" /><testcase classname="tests.test_gate5_kill_switch" name="test_convenience_function" time="0.002" /><testcase classname="tests.test_gate5_kill_switch_simple" name="test_execution_gate_fail_closed" time="0.002" /><testcase classname="tests.test_gate5_kill_switch_simple" name="test_global_kill_switch_enforcement" time="0.002" /><testcase classname="tests.test_gate5_kill_switch_simple" name="test_execution_allowed_when_switches_inactive" time="0.001" /><testcase classname="tests.test_gate5d_approval" name="test_approval_requirement_by_action_type" time="0.001" /><testcase classname="tests.test_gate5d_approval" name="test_approval_request_creation" time="0.002" /><testcase classname="tests.test_gate5d_approval" name="test_approval_grant" time="0.001" /><testcase classname="tests.test_gate5d_approval" name="test_approval_deny" time="0.002" /><testcase classname="tests.test_gate5d_approval" name="test_approval_gate_enforcement_no_approval_required" time="0.001" /><testcase classname="tests.test_gate5d_approval" name="test_approval_gate_enforcement_missing_approval" time="0.002" /><testcase classname="tests.test_gate5d_approval" name="test_approval_gate_enforcement_invalid_approval" time="0.002" /><testcase classname="tests.test_gate5d_approval" name="test_convenience_function" time="0.002" /><testcase classname="tests.test_gate5d_approval" name="test_approval_request_validation" time="0.001" /><testcase classname="tests.test_gate5e_auth" name="test_api_key_creation" time="0.091" /><testcase classname="tests.test_gate5e_auth" name="test_api_key_validation" time="0.271" /><testcase classname="tests.test_gate5e_auth" name="test_authentication" time="0.270" /><testcase classname="tests.test_gate5e_auth" name="test_authorization" time="0.183" /><testcase classname="tests.test_gate5e_auth" name="test_combined_auth_and_authorization" time="0.270" /><testcase classname="tests.test_gate5e_auth" name="test_auth_decorator" time="0.223" /><testcase classname="tests.test_gate5e_auth" name="test_key_management" time="0.091" /><testcase classname="tests.test_gate5e_auth" name="test_permission_enforcement" time="0.348" /><testcase classname="tests.test_gate5e_auth_simple" name="test_api_key_creation" time="0.087" /><testcase classname="tests.test_gate5e_auth_simple" name="test_api_key_validation" time="0.256" /><testcase classname="tests.test_gate5e_auth_simple" name="test_authentication" time="0.259" /><testcase classname="tests.test_gate5e_auth_simple" name="test_authorization" time="0.171" /><testcase classname="tests.test_gate5e_auth_simple" name="test_combined_auth_and_authorization" time="0.259" /><testcase classname="tests.test_gate5e_auth_simple" name="test_key_management" time="0.088" /><testcase classname="tests.test_gate5e_auth_simple" name="test_permission_enforcement" time="0.344" /><testcase classname="tests.test_gate6_tenant_isolation" name="test_tenant_context_validation" time="0.003" /><testcase classname="tests.test_gate6_tenant_isolation" name="test_tenant_context_manager" time="0.001" /><testcase classname="tests.test_gate6_tenant_isolation" name="test_tenant_scoped_kv_operations" time="0.001" /><testcase classname="tests.test_gate6_tenant_isolation" name="test_tenant_scoped_stream_operations" time="0.001" /><testcase classname="tests.test_gate6_tenant_isolation" name="test_tenant_access_validation" time="0.001" /><testcase classname="tests.test_gate6_tenant_isolation" name="test_decorated_function" time="0.001" /><testcase classname="tests.test_gate6_tenant_isolation" name="test_tenant_context_decorators" time="0.001" /><testcase classname="tests.test_gate6_tenant_isolation" name="test_scoped_function" time="0.001" /><testcase classname="tests.test_gate6_tenant_isolation" name="test_tenant_scoped_decorator" time="0.001" /><testcase classname="tests.test_gateway_guard_tools.TestGatewayGuardTools" name="test_wrap_sync_tool" time="0.001" /><testcase classname="tests.test_gateway_guard_tools.TestGatewayGuardTools" name="test_wrap_async_tool" time="0.001" /><testcase classname="tests.test_gateway_guard_tools.TestGatewayGuardTools" name="test_bypass_prevention" time="0.001" /><testcase classname="tests.test_gateway_guard_tools.TestGatewayGuardTools" name="test_multiple_tools" time="0.001" /><testcase classname="tests.test_gateway_guard_tools.TestGatewayGuardTools" name="test_clock_required" time="0.001" /><testcase classname="tests.test_gateway_guard_tools.TestGatewayGuardTools" name="test_pipeline_factory_required" time="0.001" /><testcase classname="tests.test_golden_demo_flow.TestGoldenDemoFlow" name="test_golden_demo_flow_partition_tolerance" time="5.014"><skipped type="pytest.xfail" message="Requires live NATS JetStream - mock implementation is NOT acceptance per Golden Demo Law" /></testcase><testcase classname="tests.test_golden_demo_flow" name="test_golden_demo_flow_mock" time="0.003"><skipped type="pytest.xfail" message="Mock golden demo is NOT acceptance - requires live NATS JetStream per Golden Demo Law" /></testcase><testcase classname="tests.test_golden_demo_live" name="test_golden_demo_flow_live_jetstream" time="0.000"><skipped type="pytest.skip" message="Live Golden Demo disabled; set EXOARMUR_LIVE_DEMO=1 to enable">/home/oem/CascadeProjects/ExoArmur/tests/test_golden_demo_live.py:137: Live Golden Demo disabled; set EXOARMUR_LIVE_DEMO=1 to enable</skipped></testcase><testcase classname="tests.test_golden_demo_skip" name="test_live_demo_marked_and_skipped_by_default" time="0.002" /><testcase classname="tests.test_handshake_controller.TestHandshakeController" name="test_handshake_fails_without_signature" time="0.002" /><testcase classname="tests.test_handshake_controller.TestHandshakeController" name="test_handshake_fails_on_nonce_reuse" time="0.003" /><testcase classname="tests.test_handshake_controller.TestHandshakeController" name="test_handshake_reaches_confirmed_on_valid_sequence" time="0.003" /><testcase classname="tests.test_handshake_controller.TestHandshakeController" name="test_handshake_stops_after_failed_identity" time="0.003" /><testcase classname="tests.test_handshake_controller.TestHandshakeController" name="test_handshake_retry_backoff_enforced" time="0.004" /><testcase classname="tests.test_handshake_controller.TestHandshakeController" name="test_handshake_timeout_emits_audit_event" time="0.002" /><testcase classname="tests.test_handshake_controller.TestHandshakeController" name="test_replay_reproduces_handshake_state_transitions" time="0.005" /><testcase classname="tests.test_handshake_controller.TestHandshakeController" name="test_correlation_id_reuse_prevention" time="0.002" /><testcase classname="tests.test_handshake_controller.TestHandshakeController" name="test_protocol_error_handling" time="0.002" /><testcase classname="tests.test_handshake_controller.TestHandshakeController" name="test_cleanup_expired_resources" time="0.001" /><testcase classname="tests.test_handshake_state_machine.TestHandshakeStateMachine" name="test_valid_transitions" time="0.001" /><testcase classname="tests.test_handshake_state_machine.TestHandshakeStateMachine" name="test_invalid_transitions" time="0.001" /><testcase classname="tests.test_handshake_state_machine.TestHandshakeStateMachine" name="test_terminal_states" time="0.001" /><testcase classname="tests.test_handshake_state_machine.TestHandshakeStateMachine" name="test_create_session" time="0.001" /><testcase classname="tests.test_handshake_state_machine.TestHandshakeStateMachine" name="test_correlation_id_uniqueness" time="0.001" /><testcase classname="tests.test_handshake_state_machine.TestHandshakeStateMachine" name="test_correlation_id_locking" time="0.001" /><testcase classname="tests.test_handshake_state_machine.TestHandshakeStateMachine" name="test_state_transition" time="0.001" /><testcase classname="tests.test_handshake_state_machine.TestHandshakeStateMachine" name="test_invalid_state_transition" time="0.001" /><testcase classname="tests.test_handshake_state_machine.TestHandshakeStateMachine" name="test_terminal_state_transition_rejection" time="0.001" /><testcase classname="tests.test_handshake_state_machine.TestHandshakeStateMachine" name="test_failure_handshake" time="0.001" /><testcase classname="tests.test_handshake_state_machine.TestHandshakeStateMachine" name="test_retry_count_increment" time="0.001" /><testcase classname="tests.test_handshake_state_machine.TestHandshakeStateMachine" name="test_retry_delay_calculation" time="0.001" /><testcase classname="tests.test_handshake_state_machine.TestHandshakeStateMachine" name="test_session_expiration" time="0.001" /><testcase classname="tests.test_handshake_state_machine.TestHandshakeStateMachine" name="test_cleanup_expired_sessions" time="0.001" /><testcase classname="tests.test_handshake_state_machine.TestHandshakeStateMachine" name="test_get_active_sessions" time="0.001" /><testcase classname="tests.test_handshake_state_machine.TestHandshakeStateMachine" name="test_get_session_statistics" time="0.001" /><testcase classname="tests.test_handshake_state_machine.TestHandshakeStateMachine" name="test_federate_to_correlation_mapping" time="0.001" /><testcase classname="tests.test_health" name="test_health_endpoint" time="0.003" /><testcase classname="tests.test_health" name="test_root_endpoint" time="0.003" /><testcase classname="tests.test_health" name="test_openapi_docs_available" time="0.040" /><testcase classname="tests.test_icw_api.TestICWAPI" name="test_feature_flag_off_returns_404" time="0.004" /><testcase classname="tests.test_icw_api.TestICWAPI" name="test_get_containment_status_not_contained" time="0.006" /><testcase classname="tests.test_icw_api.TestICWAPI" name="test_get_containment_status_contained" time="0.006" /><testcase classname="tests.test_icw_api.TestICWAPI" name="test_create_recommendation" time="0.005" /><testcase classname="tests.test_icw_api.TestICWAPI" name="test_create_intent_from_recommendation" time="0.005" /><testcase classname="tests.test_icw_api.TestICWAPI" name="test_get_intent" time="0.005" /><testcase classname="tests.test_icw_api.TestICWAPI" name="test_tick" time="0.005" /><testcase classname="tests.test_icw_api.TestICWAPI" name="test_execute_approval_success" time="0.005" /><testcase classname="tests.test_icw_api.TestICWAPI" name="test_execute_approval_blocked" time="0.005" /><testcase classname="tests.test_icw_api.TestICWAPI" name="test_status_reflects_applied_then_reverted_after_tick" time="0.009" /><testcase classname="tests.test_idempotency.TestIdempotency" name="test_duplicate_idempotency_key_does_not_reexecute" time="0.002" /><testcase classname="tests.test_idempotency.TestIdempotency" name="test_different_idempotency_keys_execute_independently" time="0.002" /><testcase classname="tests.test_idempotency.TestIdempotency" name="test_execution_intent_creation" time="0.001" /><testcase classname="tests.test_idempotency.TestIdempotency" name="test_execution_intent_action_class_mapping" time="0.002" /><testcase classname="tests.test_identity_audit_emitter.TestIdentityAuditEmitter" name="test_emitter_initialization" time="0.001" /><testcase classname="tests.test_identity_audit_emitter.TestIdentityAuditEmitter" name="test_emitter_with_dependencies" time="0.001" /><testcase classname="tests.test_identity_audit_emitter.TestIdentityAuditEmitter" name="test_emit_handshake_event_enabled" time="0.001" /><testcase classname="tests.test_identity_audit_emitter.TestIdentityAuditEmitter" name="test_emit_handshake_event_disabled" time="0.001" /><testcase classname="tests.test_identity_audit_emitter.TestIdentityAuditEmitter" name="test_emit_diagnostic_event_when_disabled" time="0.001" /><testcase classname="tests.test_identity_audit_emitter.TestIdentityAuditEmitter" name="test_emit_event_without_audit_logger" time="0.001" /><testcase classname="tests.test_identity_audit_emitter.TestIdentityAuditEmitter" name="test_create_event_handler" time="0.001" /><testcase classname="tests.test_identity_audit_emitter.TestIdentityAuditEmitter" name="test_get_audit_trail_enabled" time="0.001" /><testcase classname="tests.test_identity_audit_emitter.TestIdentityAuditEmitter" name="test_get_audit_trail_disabled" time="0.001" /><testcase classname="tests.test_identity_audit_emitter.TestIdentityAuditEmitter" name="test_get_audit_trail_without_audit_logger" time="0.001" /><testcase classname="tests.test_identity_audit_emitter.TestIdentityAuditEmitter" name="test_validate_audit_integrity_success" time="0.001" /><testcase classname="tests.test_identity_audit_emitter.TestIdentityAuditEmitter" name="test_validate_audit_integrity_step_count_mismatch" time="0.001" /><testcase classname="tests.test_identity_audit_emitter.TestIdentityAuditEmitter" name="test_validate_audit_integrity_duplicate_idempotency_keys" time="0.001" /><testcase classname="tests.test_identity_audit_emitter.TestIdentityAuditEmitter" name="test_validate_audit_integrity_chronological_violation" time="0.001" /><testcase classname="tests.test_identity_audit_emitter.TestIdentityAuditEmitter" name="test_validate_audit_integrity_disabled" time="0.001" /><testcase classname="tests.test_identity_audit_emitter.TestIdentityAuditEmitter" name="test_emit_event_error_handling" time="0.002" /><testcase classname="tests.test_identity_audit_emitter.TestFeatureFlagIsolation" name="test_audit_emitter_respects_feature_flags" time="0.001" /><testcase classname="tests.test_identity_audit_emitter.TestFeatureFlagIsolation" name="test_audit_trail_access_when_disabled" time="0.001" /><testcase classname="tests.test_identity_containment.TestIdentityContainmentRecommendation" name="test_recommendation_is_deterministic_from_same_inputs" time="0.002" /><testcase classname="tests.test_identity_containment.TestIdentityContainmentRecommendation" name="test_recommendation_generates_for_threat_intel" time="0.002" /><testcase classname="tests.test_identity_containment.TestIdentityContainmentRecommendation" name="test_recommendation_filters_by_subject" time="0.002" /><testcase classname="tests.test_identity_containment.TestIdentityContainmentIntent" name="test_intent_freeze_hash_is_stable_and_binding_enforced" time="0.004" /><testcase classname="tests.test_identity_containment.TestIdentityContainmentIntent" name="test_requires_human_creates_approval_and_stores_intent" time="0.003" /><testcase classname="tests.test_identity_containment.TestIdentityContainmentIntent" name="test_denied_intent_never_creates_approval_or_execution" time="0.003" /><testcase classname="tests.test_identity_containment.TestIdentityContainmentExecution" name="test_execution_blocked_without_approval" time="0.006" /><testcase classname="tests.test_identity_containment.TestIdentityContainmentExecution" name="test_execution_allowed_after_approval_and_matches_binding" time="0.004" /><testcase classname="tests.test_identity_containment.TestIdentityContainmentExecution" name="test_execution_blocked_on_binding_mismatch" time="0.004" /><testcase classname="tests.test_identity_containment.TestIdentityContainmentReplay" name="test_replay_reproduces_apply_and_revert_outcome" time="0.001" /><testcase classname="tests.test_identity_containment.TestIdentityContainmentTTL" name="test_ttl_required_and_bounded" time="0.002" /><testcase classname="tests.test_identity_containment.TestIdentityContainmentTTL" name="test_apply_sets_containment_state_and_emits_audit" time="0.002" /><testcase classname="tests.test_identity_containment.TestIdentityContainmentTTL" name="test_auto_revert_after_ttl_expires_emits_audit" time="0.002" /><testcase classname="tests.test_identity_containment.TestIdentityContainmentTTL" name="test_revert_is_idempotent" time="0.002" /><testcase classname="tests.test_identity_containment.TestIdentityContainmentBoundary" name="test_feature_flag_off_disables_endpoints_and_services" time="0.001" /><testcase classname="tests.test_identity_containment.TestIdentityContainmentBoundary" name="test_federation_cannot_execute_identity_containment" time="0.001" /><testcase classname="tests.test_identity_handshake_state_machine.TestHandshakeConfig" name="test_default_config" time="0.001" /><testcase classname="tests.test_identity_handshake_state_machine.TestHandshakeConfig" name="test_custom_config" time="0.001" /><testcase classname="tests.test_identity_handshake_state_machine.TestHandshakeEvent" name="test_event_creation" time="0.001" /><testcase classname="tests.test_identity_handshake_state_machine.TestHandshakeEvent" name="test_idempotency_key_determinism" time="0.001" /><testcase classname="tests.test_identity_handshake_state_machine.TestHandshakeResult" name="test_success_result" time="0.001" /><testcase classname="tests.test_identity_handshake_state_machine.TestHandshakeResult" name="test_failure_result" time="0.001" /><testcase classname="tests.test_identity_handshake_state_machine.TestIdentityHandshakeStateMachine" name="test_state_machine_initialization" time="0.001" /><testcase classname="tests.test_identity_handshake_state_machine.TestIdentityHandshakeStateMachine" name="test_state_machine_with_config" time="0.001" /><testcase classname="tests.test_identity_handshake_state_machine.TestIdentityHandshakeStateMachine" name="test_initiate_handshake_success" time="0.001" /><testcase classname="tests.test_identity_handshake_state_machine.TestIdentityHandshakeStateMachine" name="test_initiate_handshake_event_emission" time="0.001" /><testcase classname="tests.test_identity_handshake_state_machine.TestIdentityHandshakeStateMachine" name="test_process_identity_exchange_success" time="0.002" /><testcase classname="tests.test_identity_handshake_state_machine.TestIdentityHandshakeStateMachine" name="test_process_identity_exchange_missing_fields" time="0.001" /><testcase classname="tests.test_identity_handshake_state_machine.TestIdentityHandshakeStateMachine" name="test_process_capability_negotiation_success" time="0.002" /><testcase classname="tests.test_identity_handshake_state_machine.TestIdentityHandshakeStateMachine" name="test_process_trust_establish_success" time="0.002" /><testcase classname="tests.test_identity_handshake_state_machine.TestIdentityHandshakeStateMachine" name="test_process_trust_establish_below_threshold" time="0.002" /><testcase classname="tests.test_identity_handshake_state_machine.TestIdentityHandshakeStateMachine" name="test_process_federation_confirm_success" time="0.002" /><testcase classname="tests.test_identity_handshake_state_machine.TestIdentityHandshakeStateMachine" name="test_get_current_state" time="0.001" /><testcase classname="tests.test_identity_handshake_state_machine.TestIdentityHandshakeStateMachine" name="test_get_session_info" time="0.001" /><testcase classname="tests.test_identity_handshake_state_machine.TestIdentityHandshakeStateMachine" name="test_is_complete" time="0.001" /><testcase classname="tests.test_identity_handshake_state_machine.TestIdentityHandshakeStateMachine" name="test_process_message_without_session" time="0.001" /><testcase classname="tests.test_identity_handshake_state_machine.TestStateMachineDeterminism" name="test_session_id_determinism" time="0.002" /><testcase classname="tests.test_identity_handshake_state_machine.TestStateMachineDeterminism" name="test_step_index_progression" time="0.002" /><testcase classname="tests.test_identity_handshake_state_machine.TestFeatureFlagIsolation" name="test_state_machine_without_feature_flags" time="0.001" /><testcase classname="tests.test_identity_transcript_builder.TestTranscriptMessage" name="test_canonical_json_determinism" time="0.002" /><testcase classname="tests.test_identity_transcript_builder.TestTranscriptMessage" name="test_canonical_json_ordering" time="0.001" /><testcase classname="tests.test_identity_transcript_builder.TestTranscriptBuilder" name="test_transcript_builder_initialization" time="0.001" /><testcase classname="tests.test_identity_transcript_builder.TestTranscriptBuilder" name="test_add_message_basic" time="0.001" /><testcase classname="tests.test_identity_transcript_builder.TestTranscriptBuilder" name="test_step_index_increment" time="0.002" /><testcase classname="tests.test_identity_transcript_builder.TestTranscriptBuilder" name="test_direction_validation" time="0.001" /><testcase classname="tests.test_identity_transcript_builder.TestTranscriptBuilder" name="test_message_ordering_by_step_index" time="0.002" /><testcase classname="tests.test_identity_transcript_builder.TestTranscriptBuilder" name="test_outgoing_before_incoming_at_same_step" time="0.001" /><testcase classname="tests.test_identity_transcript_builder.TestTranscriptBuilder" name="test_transcript_hash_determinism" time="0.002" /><testcase classname="tests.test_identity_transcript_builder.TestTranscriptBuilder" name="test_transcript_hash_changes_with_order" time="0.002" /><testcase classname="tests.test_identity_transcript_builder.TestTranscriptBuilder" name="test_idempotency_key_generation" time="0.001" /><testcase classname="tests.test_identity_transcript_builder.TestTranscriptBuilder" name="test_get_message_at_step" time="0.001" /><testcase classname="tests.test_identity_transcript_builder.TestTranscriptBuilder" name="test_get_last_step_index" time="0.001" /><testcase classname="tests.test_identity_transcript_builder.TestTranscriptBuilder" name="test_transcript_integrity_validation" time="0.001" /><testcase classname="tests.test_identity_transcript_builder.TestTranscriptBuilder" name="test_transcript_serialization" time="0.001" /><testcase classname="tests.test_identity_transcript_builder.TestTranscriptBuilderDeterminism" name="test_same_input_same_hash_across_instances" time="0.004" /><testcase classname="tests.test_identity_transcript_builder.TestTranscriptBuilderDeterminism" name="test_step_index_overrides_timestamp" time="0.001" /><testcase classname="tests.test_identity_transcript_builder.TestFeatureFlagIsolation" name="test_transcript_builder_without_feature_flags" time="0.001" /><testcase classname="tests.test_integration.TestThinVerticalSlice" name="test_health_endpoint" time="0.004" /><testcase classname="tests.test_integration.TestThinVerticalSlice" name="test_telemetry_ingest_endpoint" time="0.007" /><testcase classname="tests.test_integration.TestThinVerticalSlice" name="test_audit_retrieval_endpoint" time="0.009" /><testcase classname="tests.test_integration.TestThinVerticalSlice" name="test_admo_flow_audit_chain" time="0.009" /><testcase classname="tests.test_integration.TestThinVerticalSlice" name="test_telemetry_validation_error_handling" time="0.003" /><testcase classname="tests.test_integration.TestThinVerticalSlice" name="test_different_severity_levels" time="0.023" /><testcase classname="tests.test_integration.TestThinVerticalSlice" name="test_idempotency_in_integration" time="0.014" /><testcase classname="tests.test_integration.TestThinVerticalSlice" name="test_audit_for_nonexistent_correlation" time="0.003" /><testcase classname="tests.test_integration.TestAsyncIntegration" name="test_async_client_integration" time="0.005" /><testcase classname="tests.test_intent_freeze_binding.TestIntentFreezeBinding" name="test_require_human_freezes_intent_and_binds_approval" time="0.007" /><testcase classname="tests.test_intent_freeze_binding.TestIntentFreezeBinding" name="test_execution_blocked_until_approved" time="0.002" /><testcase classname="tests.test_intent_freeze_binding.TestIntentFreezeBinding" name="test_execution_allowed_after_approved_and_matches_binding" time="0.002" /><testcase classname="tests.test_intent_freeze_binding.TestIntentFreezeBinding" name="test_execution_blocked_on_binding_mismatch" time="0.002" /><testcase classname="tests.test_observation_ingest" name="test_observation_ingest_requires_confirmed_federate" time="0.002" /><testcase classname="tests.test_observation_ingest" name="test_observation_signature_required_and_verified" time="0.003" /><testcase classname="tests.test_observation_ingest" name="test_observation_nonce_replay_rejected" time="0.003" /><testcase classname="tests.test_observation_ingest" name="test_observation_ingest_with_feature_disabled" time="0.002" /><testcase classname="tests.test_observation_ingest" name="test_observation_schema_validation" time="0.002" /><testcase classname="tests.test_observation_ingest" name="test_observation_timestamp_validation" time="0.002" /><testcase classname="tests.test_observation_ingest" name="test_duplicate_observation_rejection" time="0.003" /><testcase classname="tests.test_operator_approval_v2_acceptance.TestOperatorApprovalV2Acceptance" name="test_operator_authentication" time="0.003"><skipped type="pytest.xfail" message="V2 operator approval requires Phase 2. Current phase: 1." /><skipped type="pytest.xfail" message="V2 operator approval requires Phase 2. Current phase: 1." /></testcase><testcase classname="tests.test_operator_approval_v2_acceptance.TestOperatorApprovalV2Acceptance" name="test_a3_approval_workflow" time="0.003"><skipped type="pytest.xfail" message="V2 operator approval requires Phase 2. Current phase: 1." /></testcase><testcase classname="tests.test_operator_approval_v2_acceptance.TestOperatorApprovalV2Acceptance" name="test_operator_authorization_levels" time="0.003"><skipped type="pytest.xfail" message="V2 operator approval requires Phase 2. Current phase: 1." /></testcase><testcase classname="tests.test_operator_approval_v2_acceptance.TestOperatorApprovalV2Acceptance" name="test_emergency_override_procedure" time="0.002"><skipped type="pytest.xfail" message="V2 operator approval requires Phase 2. Current phase: 1." /></testcase><testcase classname="tests.test_operator_approval_v2_acceptance.TestOperatorApprovalV2Acceptance" name="test_control_plane_api_functionality" time="0.002"><skipped type="pytest.xfail" message="V2 operator approval requires Phase 2. Current phase: 1." /><skipped type="pytest.xfail" message="V2 operator approval requires Phase 2. Current phase: 1." /></testcase><testcase classname="tests.test_operator_approval_v2_acceptance.TestOperatorApprovalV2Acceptance" name="test_federation_approval_coordination" time="0.002"><skipped type="pytest.xfail" message="V2 operator approval requires Phase 2. Current phase: 1." /></testcase><testcase classname="tests.test_operator_approval_v2_acceptance.TestOperatorApprovalV2Compatibility" name="test_v1_compatibility_with_v2_disabled" time="0.002" /><testcase classname="tests.test_phase2b_exit_checklist_present" name="test_exit_checklist_exists_and_has_headings" time="0.001" /><testcase classname="tests.test_phase6_backpressure" name="test_token_bucket" time="0.202" /><testcase classname="tests.test_phase6_backpressure" name="test_rate_limit_config" time="0.001" /><testcase classname="tests.test_phase6_backpressure" name="test_tenant_rate_limiter" time="0.002" /><testcase classname="tests.test_phase6_backpressure" name="test_bounded_queue" time="0.002" /><testcase classname="tests.test_phase6_backpressure" name="test_backpressure_manager" time="0.001" /><testcase classname="tests.test_phase6_backpressure" name="test_backpressure_check" time="0.002" /><testcase classname="tests.test_phase6_backpressure" name="test_execute_with_backpressure" time="0.002" /><testcase classname="tests.test_phase6_backpressure_minimal" name="test_token_bucket" time="0.001" /><testcase classname="tests.test_phase6_backpressure_minimal" name="test_rate_limit_config" time="0.002" /><testcase classname="tests.test_phase6_backpressure_minimal" name="test_tenant_rate_limiter" time="0.002" /><testcase classname="tests.test_phase6_backpressure_minimal" name="test_bounded_queue" time="0.001" /><testcase classname="tests.test_phase6_backpressure_minimal" name="test_backpressure_manager" time="0.001" /><testcase classname="tests.test_phase6_backpressure_minimal" name="test_backpressure_check" time="0.002" /><testcase classname="tests.test_phase6_backpressure_minimal" name="test_queue_full_backpressure" time="0.002" /><testcase classname="tests.test_phase6_circuit_breaker" name="test_circuit_breaker_config" time="0.001" /><testcase classname="tests.test_phase6_circuit_breaker" name="test_circuit_breaker_states" time="0.002" /><testcase classname="tests.test_phase6_circuit_breaker" name="test_circuit_breaker_success" time="0.002" /><testcase classname="tests.test_phase6_circuit_breaker" name="test_circuit_breaker_open" time="0.002" /><testcase classname="tests.test_phase6_circuit_breaker" name="test_circuit_breaker_half_open" time="0.603" /><testcase classname="tests.test_phase6_circuit_breaker" name="test_circuit_breaker_health_check" time="0.002" /><testcase classname="tests.test_phase6_circuit_breaker" name="test_circuit_breaker_manager" time="0.001" /><testcase classname="tests.test_phase6_circuit_breaker" name="test_circuit_breaker_decorator" time="0.002" /><testcase classname="tests.test_phase6_circuit_breaker" name="test_circuit_breaker_statistics" time="0.001" /><testcase classname="tests.test_phase6_circuit_breaker" name="test_circuit_breaker_reset" time="0.002" /><testcase classname="tests.test_phase6_circuit_breaker_minimal" name="test_circuit_breaker_basic" time="0.002" /><testcase classname="tests.test_phase6_circuit_breaker_minimal" name="test_circuit_breaker_manager_basic" time="0.001" /><testcase classname="tests.test_phase6_retry" name="test_retry_policy" time="0.001" /><testcase classname="tests.test_phase6_retry" name="test_idempotency_manager" time="0.001" /><testcase classname="tests.test_phase6_retry" name="test_retry_manager" time="0.002" /><testcase classname="tests.test_phase6_retry" name="test_retry_success" time="0.002" /><testcase classname="tests.test_phase6_retry" name="test_retry_with_failures" time="1.399" /><testcase classname="tests.test_phase6_retry" name="test_retry_exhaustion" time="1.572" /><testcase classname="tests.test_phase6_retry" name="test_retry_with_idempotency" time="1.548" /><testcase classname="tests.test_phase6_retry" name="test_retry_decorator" time="1.469" /><testcase classname="tests.test_phase6_retry" name="test_retry_backoff_and_jitter" time="0.002" /><testcase classname="tests.test_phase6_retry" name="test_retry_exception_classification" time="0.001" /><testcase classname="tests.test_phase6_retry_minimal" name="test_retry_policy" time="0.001" /><testcase classname="tests.test_phase6_retry_minimal" name="test_idempotency_manager" time="0.002" /><testcase classname="tests.test_phase6_retry_minimal" name="test_retry_manager" time="0.003" /><testcase classname="tests.test_phase6_retry_minimal" name="test_retry_success" time="0.002" /><testcase classname="tests.test_phase6_retry_minimal" name="test_retry_exhaustion" time="1.465" /><testcase classname="tests.test_phase6_retry_minimal" name="test_retry_backoff_and_jitter" time="0.002" /><testcase classname="tests.test_phase6_retry_minimal" name="test_retry_exception_classification" time="0.002" /><testcase classname="tests.test_phase6_retry_simple" name="test_retry_policy" time="0.002" /><testcase classname="tests.test_phase6_retry_simple" name="test_idempotency_manager" time="0.002" /><testcase classname="tests.test_phase6_retry_simple" name="test_retry_manager" time="0.002" /><testcase classname="tests.test_phase6_retry_simple" name="test_retry_success" time="0.002" /><testcase classname="tests.test_phase6_retry_simple" name="test_retry_with_failures" time="1.459" /><testcase classname="tests.test_phase6_retry_simple" name="test_retry_exhaustion" time="1.594" /><testcase classname="tests.test_phase6_retry_simple" name="test_retry_with_idempotency" time="1.447" /><testcase classname="tests.test_phase6_retry_simple" name="test_retry_backoff_and_jitter" time="0.002" /><testcase classname="tests.test_phase6_retry_simple" name="test_retry_exception_classification" time="0.002" /><testcase classname="tests.test_phase6_timeout" name="test_timeout_config" time="0.002" /><testcase classname="tests.test_phase6_timeout" name="test_timeout_manager" time="0.002" /><testcase classname="tests.test_phase6_timeout" name="test_timeout_enforcement" time="0.102" /><testcase classname="tests.test_phase6_timeout" name="test_timeout_failure" time="0.503" /><testcase classname="tests.test_phase6_timeout" name="test_timeout_decorator" time="0.603" /><testcase classname="tests.test_phase6_timeout" name="test_convenience_functions" time="0.303" /><testcase classname="tests.test_phase6_timeout" name="test_timeout_audit_classification" time="0.404" /><testcase classname="tests.test_phase6_timeout_simple" name="test_timeout_config" time="0.002" /><testcase classname="tests.test_phase6_timeout_simple" name="test_timeout_manager" time="0.002" /><testcase classname="tests.test_phase6_timeout_simple" name="test_timeout_enforcement" time="0.102" /><testcase classname="tests.test_phase6_timeout_simple" name="test_timeout_failure" time="0.503" /><testcase classname="tests.test_phase6_timeout_simple" name="test_timeout_audit_classification" time="0.404" /><testcase classname="tests.test_phase_gate_matrix_enforcement" name="test_federation_phase_gate_denies_before_transport" time="0.003" /><testcase classname="tests.test_phase_gate_matrix_enforcement" name="test_control_api_phase_gate" time="0.003" /><testcase classname="tests.test_phase_gate_matrix_enforcement" name="test_operator_interface_phase_gate" time="0.003" /><testcase classname="tests.test_phase_gate_matrix_enforcement" name="test_approval_service_phase_gate_like_denial" time="0.003" /><testcase classname="tests.test_phase_gate_matrix_enforcement" name="test_durable_storage_phase_gate_explicit" time="0.002" /><testcase classname="tests.test_plugin_registry.TestPluginRegistry" name="test_registry_initializes_empty" time="0.001" /><testcase classname="tests.test_plugin_registry.TestPluginRegistry" name="test_boot_with_zero_providers" time="0.002" /><testcase classname="tests.test_plugin_registry.TestPluginRegistry" name="test_no_import_side_effects_during_discovery" time="0.003" /><testcase classname="tests.test_plugin_registry.TestPluginRegistry" name="test_provider_discovery_and_loading" time="0.003" /><testcase classname="tests.test_plugin_registry.TestPluginRegistry" name="test_get_providers_by_group" time="0.003" /><testcase classname="tests.test_plugin_registry.TestPluginRegistry" name="test_provider_not_found_errors" time="0.017" /><testcase classname="tests.test_plugin_registry.TestPluginRegistry" name="test_pod_provider_discovered_after_discover_providers" time="0.001"><skipped type="pytest.skip" message="PoD provider not installed in this environment">/home/oem/CascadeProjects/ExoArmur/tests/test_plugin_registry.py:173: PoD provider not installed in this environment</skipped></testcase><testcase classname="tests.test_plugin_registry.TestPluginRegistry" name="test_pod_provider_runtime_load_via_registry_api" time="0.001"><skipped type="pytest.skip" message="PoD provider not installed in this environment">/home/oem/CascadeProjects/ExoArmur/tests/test_plugin_registry.py:192: PoD provider not installed in this environment</skipped></testcase><testcase classname="tests.test_plugin_registry.TestPluginRegistry" name="test_pod_absent_safe_behavior" time="0.002" /><testcase classname="tests.test_plugin_registry.TestPluginRegistry" name="test_pod_provider_failure_isolated" time="0.002" /><testcase classname="tests.test_plugin_registry.TestPluginRegistry" name="test_global_registry_singleton" time="0.001" /><testcase classname="tests.test_plugin_registry.TestPluginRegistry" name="test_provider_summary" time="0.004" /><testcase classname="tests.test_plugin_registry.TestPluginRegistry" name="test_entry_point_discovery_error_handling" time="0.001" /><testcase classname="tests.test_protocol_enforcer.TestProtocolEnforcer" name="test_valid_message_passes_enforcement" time="0.002" /><testcase classname="tests.test_protocol_enforcer.TestProtocolEnforcer" name="test_unknown_federate_is_rejected" time="0.002" /><testcase classname="tests.test_protocol_enforcer.TestProtocolEnforcer" name="test_invalid_signature_is_rejected" time="0.002" /><testcase classname="tests.test_protocol_enforcer.TestProtocolEnforcer" name="test_nonce_reuse_is_rejected" time="0.002" /><testcase classname="tests.test_protocol_enforcer.TestProtocolEnforcer" name="test_timestamp_skew_is_rejected" time="0.002" /><testcase classname="tests.test_protocol_enforcer.TestProtocolEnforcer" name="test_audit_events_emitted_on_verification_failure" time="0.001" /><testcase classname="tests.test_protocol_enforcer.TestProtocolEnforcer" name="test_handshake_state_transitions" time="0.002" /><testcase classname="tests.test_protocol_enforcer.TestProtocolEnforcer" name="test_max_timestamp_skew_configuration" time="0.001" /><testcase classname="tests.test_replay_determinism" name="test_deterministic_belief_aggregation_repeatability" time="0.002" /><testcase classname="tests.test_replay_determinism" name="test_deterministic_belief_ids_across_runs" time="0.002" /><testcase classname="tests.test_replay_determinism" name="test_replay_scenario_summary_determinism" time="0.002" /><testcase classname="tests.test_replay_determinism" name="test_deterministic_ordering_of_results" time="0.002" /><testcase classname="tests.test_replay_engine.TestCanonicalUtils" name="test_canonical_json_sorts_keys" time="0.001" /><testcase classname="tests.test_replay_engine.TestCanonicalUtils" name="test_canonical_json_handles_nested_objects" time="0.001" /><testcase classname="tests.test_replay_engine.TestCanonicalUtils" name="test_canonical_json_normalizes_datetime" time="0.001" /><testcase classname="tests.test_replay_engine.TestCanonicalUtils" name="test_canonical_json_normalizes_naive_datetime" time="0.001" /><testcase classname="tests.test_replay_engine.TestCanonicalUtils" name="test_canonical_json_handles_floats" time="0.001" /><testcase classname="tests.test_replay_engine.TestCanonicalUtils" name="test_canonical_json_handles_special_floats" time="0.001" /><testcase classname="tests.test_replay_engine.TestCanonicalUtils" name="test_stable_hash_consistency" time="0.001" /><testcase classname="tests.test_replay_engine.TestCanonicalUtils" name="test_verify_canonical_hash_success" time="0.001" /><testcase classname="tests.test_replay_engine.TestCanonicalUtils" name="test_verify_canonical_hash_failure" time="0.001" /><testcase classname="tests.test_replay_engine.TestCanonicalUtils" name="test_canonical_json_unsupported_type" time="0.001" /><testcase classname="tests.test_replay_engine.TestAuditEventEnvelope" name="test_envelope_creation" time="0.001" /><testcase classname="tests.test_replay_engine.TestAuditEventEnvelope" name="test_envelope_ordering_key" time="0.001" /><testcase classname="tests.test_replay_engine.TestAuditEventEnvelope" name="test_event_type_priority_unknown" time="0.001" /><testcase classname="tests.test_replay_engine.TestAuditEventEnvelope" name="test_payload_integrity_verification" time="0.001" /><testcase classname="tests.test_replay_engine.TestAuditEventEnvelope" name="test_envelope_serialization" time="0.001" /><testcase classname="tests.test_replay_engine.TestReplayEngine" name="test_replay_success" time="0.001" /><testcase classname="tests.test_replay_engine.TestReplayEngine" name="test_replay_no_audit_records" time="0.001" /><testcase classname="tests.test_replay_engine.TestReplayEngine" name="test_replay_with_corrupted_envelope" time="0.001" /><testcase classname="tests.test_replay_engine.TestReplayEngine" name="test_replay_deterministic_ordering" time="0.001" /><testcase classname="tests.test_replay_engine.TestReplayEngine" name="test_reconstruct_intent_hash_from_audit" time="0.001" /><testcase classname="tests.test_replay_engine.TestReplayEngine" name="test_replay_fails_if_intent_store_missing_referenced_intent" time="0.001" /><testcase classname="tests.test_replay_engine.TestReplayIntegration" name="test_end_to_end_replay_verification" time="0.001" /><testcase classname="tests.test_safety_gate.TestSafetyGateArbitration" name="test_kill_switch_global_takes_precedence" time="0.001" /><testcase classname="tests.test_safety_gate.TestSafetyGateArbitration" name="test_policy_verification_precedence_over_trust" time="0.001" /><testcase classname="tests.test_safety_gate.TestSafetyGateArbitration" name="test_trust_constraints_precedence_over_collective_confidence" time="0.001" /><testcase classname="tests.test_safety_gate.TestSafetyGateArbitration" name="test_a1_soft_containment_threshold_check" time="0.001" /><testcase classname="tests.test_safety_gate.TestSafetyGateArbitration" name="test_a2_hard_containment_collective_threshold" time="0.001" /><testcase classname="tests.test_safety_gate.TestSafetyGateArbitration" name="test_a3_irreversible_strict_requirements" time="0.001" /><testcase classname="tests.test_safety_gate.TestSafetyGateArbitration" name="test_a0_observe_always_allowed" time="0.001" /><testcase classname="tests.test_schema_snapshots.TestSchemaSnapshots" name="test_schema_snapshot_unchanged[TelemetryEventV1]" time="0.002" /><testcase classname="tests.test_schema_snapshots.TestSchemaSnapshots" name="test_schema_snapshot_unchanged[SignalFactsV1]" time="0.002" /><testcase classname="tests.test_schema_snapshots.TestSchemaSnapshots" name="test_schema_snapshot_unchanged[BeliefV1]" time="0.002" /><testcase classname="tests.test_schema_snapshots.TestSchemaSnapshots" name="test_schema_snapshot_unchanged[LocalDecisionV1]" time="0.002" /><testcase classname="tests.test_schema_snapshots.TestSchemaSnapshots" name="test_schema_snapshot_unchanged[ExecutionIntentV1]" time="0.002" /><testcase classname="tests.test_schema_snapshots.TestSchemaSnapshots" name="test_schema_snapshot_unchanged[AuditRecordV1]" time="0.002" /><testcase classname="tests.test_schema_snapshots.TestSchemaSnapshots" name="test_schema_snapshot_unchanged[TelemetryIngestResponseV1]" time="0.002" /><testcase classname="tests.test_schema_snapshots.TestSchemaSnapshots" name="test_schema_snapshot_unchanged[AuditResponseV1]" time="0.001" /><testcase classname="tests.test_schema_snapshots.TestSchemaSnapshots" name="test_schema_snapshot_unchanged[ErrorResponseV1]" time="0.002" /><testcase classname="tests.test_schema_snapshots.TestSchemaSnapshots" name="test_openapi_snapshot_unchanged" time="0.001" /><testcase classname="tests.test_schema_snapshots.TestSchemaChangeWaiver" name="test_schema_change_waiver_format" time="0.001" /><testcase classname="tests.test_schema_snapshots.TestSchemaChangeWaiver" name="test_only_optional_field_changes_waived" time="0.001"><skipped type="pytest.skip" message="No schema change waivers file found">/home/oem/CascadeProjects/ExoArmur/tests/test_schema_snapshots.py:223: No schema change waivers file found</skipped></testcase><testcase classname="tests.test_shared_primitives_snapshots.TestSharedPrimitivesSnapshots" name="test_evidence_ref_v1_schema_snapshot" time="0.002" /><testcase classname="tests.test_shared_primitives_snapshots.TestSharedPrimitivesSnapshots" name="test_belief_delta_v1_schema_snapshot" time="0.003" /><testcase classname="tests.test_shared_primitives_snapshots.TestSharedPrimitivesSnapshots" name="test_hypothesis_v1_schema_snapshot" time="0.003" /><testcase classname="tests.test_shared_primitives_snapshots.TestSharedPrimitivesSnapshots" name="test_narrative_v1_schema_snapshot" time="0.004" /><testcase classname="tests.test_shared_primitives_snapshots.TestSharedPrimitivesSnapshots" name="test_finding_v1_schema_snapshot" time="0.003" /><testcase classname="tests.test_shared_primitives_snapshots.TestSharedPrimitivesSnapshots" name="test_timeline_event_v1_schema_snapshot" time="0.003" /><testcase classname="tests.test_shared_primitives_snapshots.TestSharedPrimitivesSnapshots" name="test_timeline_v1_schema_snapshot" time="0.006" /><testcase classname="tests.test_shared_primitives_snapshots.TestSharedPrimitivesSnapshots" name="test_conflict_v1_schema_snapshot" time="0.003" /><testcase classname="tests.test_shared_primitives_snapshots.TestSharedPrimitivesSnapshots" name="test_all_primitives_enforce_strict_validation" time="0.001" /><testcase classname="tests.test_shared_primitives_snapshots.TestSharedPrimitivesSnapshots" name="test_ulid_validation_enforced" time="0.001" /><testcase classname="tests.test_shared_primitives_snapshots.TestSharedPrimitivesSnapshots" name="test_serialization_determinism" time="0.001" /><testcase classname="tests.test_threat_classification_v2.TestThreatClassificationV2" name="test_phase2a_disabled_by_default" time="0.002" /><testcase classname="tests.test_threat_classification_v2.TestThreatClassificationV2" name="test_phase2a_enabled_with_feature_flag" time="0.002" /><testcase classname="tests.test_threat_classification_v2.TestThreatClassificationV2" name="test_high_risk_threat_escalation" time="0.002" /><testcase classname="tests.test_threat_classification_v2.TestThreatClassificationV2" name="test_low_risk_threat_ignore" time="0.002" /><testcase classname="tests.test_threat_classification_v2.TestThreatClassificationV2" name="test_medium_risk_threat_simulation" time="0.002" /><testcase classname="tests.test_threat_classification_v2.TestThreatClassificationV2" name="test_deterministic_decision_replay" time="0.003" /><testcase classname="tests.test_threat_classification_v2.TestThreatClassificationV2" name="test_inputs_hash_consistency" time="0.002" /><testcase classname="tests.test_threat_classification_v2.TestThreatClassificationV2" name="test_governance_rules_enforcement" time="0.002" /><testcase classname="tests.test_threat_classification_v2.TestThreatClassificationV2" name="test_authority_tier_compliance" time="0.002" /><testcase classname="tests.test_threat_classification_v2.TestThreatClassificationV2" name="test_feature_flag_isolation" time="0.002" /><testcase classname="tests.test_threat_classification_v2.TestThreatClassificationV2" name="test_complete_audit_transcript" time="0.002" /><testcase classname="tests.test_threat_classification_v2.TestThreatClassificationV2" name="test_replay_failure_on_hash_mismatch" time="0.002" /><testcase classname="tests.test_threat_classification_v2.TestThreatClassificationV2" name="test_facts_derivation_determinism" time="0.002" /><testcase classname="tests.test_threat_classification_v2.TestThreatClassificationV2" name="test_phase2a_constitutional_limits" time="0.002" /><testcase classname="tests.test_threat_classification_v2.TestThreatClassificationModels" name="test_threat_event_validation" time="0.001" /><testcase classname="tests.test_threat_classification_v2.TestThreatClassificationModels" name="test_decision_transcript_completeness" time="0.001" /><testcase classname="tests.test_threat_classification_v2.TestThreatClassificationModels" name="test_governance_rule_validation" time="0.001" /><testcase classname="tests.test_threat_classification_v2.TestPhase2AConstitutionalCompliance" name="test_no_v1_modifications" time="0.001" /><testcase classname="tests.test_threat_classification_v2.TestPhase2AConstitutionalCompliance" name="test_feature_flag_isolation" time="0.001" /><testcase classname="tests.test_threat_classification_v2.TestPhase2AConstitutionalCompliance" name="test_authority_envelope_compliance" time="0.001" /><testcase classname="tests.test_v2_contract_pack_examples" name="test_federation_handshake_example_structure" time="0.001" /><testcase classname="tests.test_v2_contract_pack_examples" name="test_operator_approval_request_and_decision_examples" time="0.001" /><testcase classname="tests.test_v2_contract_pack_examples" name="test_durable_storage_boundary_examples" time="0.001" /><testcase classname="tests.test_v2_contract_pack_examples" name="test_audit_emission_envelope_example" time="0.001" /><testcase classname="tests.test_v2_contract_pack_examples" name="test_no_side_effects_on_import" time="0.001" /><testcase classname="tests.test_v2_contract_pack_examples" name="test_docs_files_exist[federation_identity_handshake.md]" time="0.001" /><testcase classname="tests.test_v2_contract_pack_examples" name="test_docs_files_exist[operator_approval_envelopes.md]" time="0.001" /><testcase classname="tests.test_v2_contract_pack_examples" name="test_docs_files_exist[durable_storage_boundary.md]" time="0.001" /><testcase classname="tests.test_v2_contract_pack_examples" name="test_docs_files_exist[audit_emission_envelope.md]" time="0.001" /><testcase classname="tests.test_v2_feature_flag_isolation.TestV2FeatureFlagIsolation" name="test_v2_imports_no_side_effects" time="0.001" /><testcase classname="tests.test_v2_feature_flag_isolation.TestV2FeatureFlagIsolation" name="test_v2_objects_instantiation_no_side_effects" time="0.002" /><testcase classname="tests.test_v2_feature_flag_isolation.TestV2FeatureFlagIsolation" name="test_v2_methods_no_side_effects" time="0.001" /><testcase classname="tests.test_v2_feature_flag_isolation.TestV2FeatureFlagIsolation" name="test_v2_feature_flags_all_disabled" time="0.001" /><testcase classname="tests.test_v2_feature_flag_isolation.TestV2FeatureFlagIsolation" name="test_v2_objects_shutdown_no_side_effects" time="0.001" /><testcase classname="tests.test_v2_feature_flag_isolation.TestV2FeatureFlagIsolation" name="test_v2_memory_cleanup" time="0.001" /><testcase classname="tests.test_v2_feature_flag_isolation.TestV2FeatureFlagIsolation" name="test_v2_enabled_triggers_notimplementederror" time="0.002" /><testcase classname="tests.test_v2_restrained_autonomy.TestFeatureFlagEnforcement" name="test_v2_disabled_refuses_action" time="0.003" /><testcase classname="tests.test_v2_restrained_autonomy.TestFeatureFlagEnforcement" name="test_partial_v2_enabled_refuses_action" time="0.004" /><testcase classname="tests.test_v2_restrained_autonomy.TestFeatureFlagEnforcement" name="test_v2_enabled_allows_processing" time="0.004" /><testcase classname="tests.test_v2_restrained_autonomy.TestOperatorApprovalWorkflow" name="test_approval_request_created" time="0.004" /><testcase classname="tests.test_v2_restrained_autonomy.TestOperatorApprovalWorkflow" name="test_operator_approves_action_executed" time="0.004" /><testcase classname="tests.test_v2_restrained_autonomy.TestOperatorApprovalWorkflow" name="test_operator_denies_action_refused" time="0.004" /><testcase classname="tests.test_v2_restrained_autonomy.TestDeterministicAuditAndReplay" name="test_audit_events_emitted" time="0.004" /><testcase classname="tests.test_v2_restrained_autonomy.TestDeterministicAuditAndReplay" name="test_deterministic_id_generation" time="0.002" /><testcase classname="tests.test_v2_restrained_autonomy.TestDeterministicAuditAndReplay" name="test_replay_audit_stream" time="0.002" /><testcase classname="tests.test_v2_restrained_autonomy.TestIdempotencyAndSafety" name="test_idempotency_check_prevents_duplicate_execution" time="0.005" /><testcase classname="tests.test_v2_restrained_autonomy.TestIdempotencyAndSafety" name="test_action_execution_with_approval" time="0.004" /><testcase classname="tests.test_v2_restrained_autonomy.TestMockActionExecutor" name="test_execute_isolate_endpoint_creates_record" time="0.001" /><testcase classname="tests.test_v2_restrained_autonomy.TestMockActionExecutor" name="test_has_executed_recently_false_initially" time="0.001" /><testcase classname="tests.test_v2_restrained_autonomy.TestMockActionExecutor" name="test_has_executed_recently_true_after_execution" time="0.001" /><testcase classname="tests.test_v2_restrained_autonomy.TestMockActionExecutor" name="test_get_execution_record" time="0.001" /><testcase classname="tests.test_v2_restrained_autonomy.TestBoundaryGateCompatibility" name="test_pipeline_respects_boundary_gate_constraints" time="0.004" /><testcase classname="tests.test_v2_restrained_autonomy.TestBoundaryGateCompatibility" name="test_deterministic_behavior_across_runs" time="0.002" /><testcase classname="tests.test_v2_restrained_autonomy.TestBoundaryGateCompatibility" name="test_audit_trail_integrity" time="0.006" /><testcase classname="tests.test_visibility_api" name="test_visibility_endpoints_return_provenance" time="0.022" /><testcase classname="tests.test_visibility_api" name="test_timeline_endpoint_returns_provenance" time="0.018" /><testcase classname="tests.test_visibility_api" name="test_observations_endpoint_with_filters" time="0.029" /><testcase classname="tests.test_visibility_api" name="test_beliefs_endpoint_with_filters" time="0.026" /><testcase classname="tests.test_visibility_api" name="test_statistics_endpoint" time="0.017" /><testcase classname="tests.test_visibility_api" name="test_timeline_endpoint_not_found" time="0.018" /><testcase classname="tests.test_visibility_api" name="test_invalid_timestamp_filter" time="0.024" /></testsuite></testsuites>